// Jest Snapshot v1, https://goo.gl/fbAQLP

exports[`Render Calculator 1`] = `
<div
  className="main-container"
>
  <h1
    className="title-cal"
  >
    Let s do some math!
  </h1>
  <div
    className="container"
  >
    <div
      className="input"
      data-testid="testH2"
    >
      0
    </div>
    <div
      className="keypad"
    >
      <button
        name="A/C"
        onClick={[Function]}
        type="button"
      >
        AC
      </button>
      <button
        name="+/-"
        onClick={[Function]}
        type="button"
      >
        +/-
      </button>
      <button
        name="%"
        onClick={[Function]}
        type="button"
      >
        %
      </button>
      <button
        id="divide"
        name="รท"
        onClick={[Function]}
        type="button"
      >
        รท
      </button>
      <button
        name="7"
        onClick={[Function]}
        type="button"
      >
        7
      </button>
      <button
        name="8"
        onClick={[Function]}
        type="button"
      >
        8
      </button>
      <button
        name="9"
        onClick={[Function]}
        type="button"
      >
        9
      </button>
      <button
        id="mult"
        name="*"
        onClick={[Function]}
        type="button"
      >
        x
      </button>
      <button
        name="4"
        onClick={[Function]}
        type="button"
      >
        4
      </button>
      <button
        name="5"
        onClick={[Function]}
        type="button"
      >
        5
      </button>
      <button
        name="6"
        onClick={[Function]}
        type="button"
      >
        6
      </button>
      <button
        id="less"
        onClick={[Function]}
        type="button"
      >
        -
      </button>
      <button
        name="1"
        onClick={[Function]}
        type="button"
      >
        1
      </button>
      <button
        name="2"
        onClick={[Function]}
        type="button"
      >
        2
      </button>
      <button
        name="3"
        onClick={[Function]}
        type="button"
      >
        3
      </button>
      <button
        id="plus"
        name="+"
        onClick={[Function]}
        type="button"
      >
        +
      </button>
      <button
        name="."
        onClick={[Function]}
        type="button"
      >
        .
      </button>
      <button
        id="equal"
        name="="
        onClick={[Function]}
        type="button"
      >
        =
      </button>
      <button
        id="cero"
        name="0"
        onClick={[Function]}
        type="button"
        value="0"
      >
        0
      </button>
    </div>
  </div>
</div>
`;

exports[`Render NavBar 1`] = `
<header
  className="header"
>
  <h1
    className="logo"
  >
    Math Magicians
  </h1>
  <div>
    <ul
      className="ul-nav"
    >
      <li
        className="link-item"
      >
        <a
          aria-current="page"
          className="active"
          href="/"
          onClick={[Function]}
        >
          Home
        </a>
      </li>
      <li
        className="link-item"
      >
        <a
          className=""
          href="/calculator"
          onClick={[Function]}
        >
          Calculator
        </a>
      </li>
      <li
        className="link-item"
      >
        <a
          className=""
          href="/quote"
          onClick={[Function]}
        >
          Quote
        </a>
      </li>
    </ul>
  </div>
  <footer
    className="footer"
  >
    Copyright...
  </footer>
</header>
`;
