// Jest Snapshot v1, https://goo.gl/fbAQLP

exports[`Render Calculator 1`] = `
<div
  className="main-container"
>
  <h2>
    Lets Do Some Math
  </h2>
  <div
    className="calculation-field"
  >
    <h1
      className="answer"
      data-testid="testH2"
    >
      0
    </h1>
    <div
      className="numbers-and-symbols"
    >
      <button
        className="AC size"
        name="AC"
        onClick={[Function]}
        type="button"
      >
        AC
      </button>
      <button
        className="plus-or-minus size"
        name="+/-"
        onClick={[Function]}
        type="button"
      >
        +/-
      </button>
      <button
        className="percentage size"
        name="%"
        onClick={[Function]}
        type="button"
      >
        %
      </button>
      <button
        className="division size orabg-bg"
        name="รท"
        onClick={[Function]}
        type="button"
      >
        รท
      </button>
      <button
        className="seven size"
        name="7"
        onClick={[Function]}
        type="button"
      >
        7
      </button>
      <button
        className="eight size"
        name="8"
        onClick={[Function]}
        type="button"
      >
        8
      </button>
      <button
        className="nine size"
        name="9"
        onClick={[Function]}
        type="button"
      >
        9
      </button>
      <button
        className="cross size orabg-bg"
        name="x"
        onClick={[Function]}
        type="button"
      >
        x
      </button>
      <button
        className="four size"
        name="4"
        onClick={[Function]}
        type="button"
      >
        4
      </button>
      <button
        className="five size"
        name="5"
        onClick={[Function]}
        type="button"
      >
        5
      </button>
      <button
        className="six size"
        name="6"
        onClick={[Function]}
        type="button"
      >
        6
      </button>
      <button
        className="minus size orabg-bg"
        name="-"
        onClick={[Function]}
        type="button"
      >
        -
      </button>
      <button
        className="one size"
        name="1"
        onClick={[Function]}
        type="button"
      >
        1
      </button>
      <button
        className="two size"
        name="2"
        onClick={[Function]}
        type="button"
      >
        2
      </button>
      <button
        className="three size"
        name="3"
        onClick={[Function]}
        type="button"
      >
        3
      </button>
      <button
        className="plus size orabg-bg"
        name="+"
        onClick={[Function]}
        type="button"
      >
        +
      </button>
      <button
        className="zero"
        name="0"
        onClick={[Function]}
        type="button"
      >
        0
      </button>
      <button
        className="dot size"
        name="."
        onClick={[Function]}
        type="button"
      >
        .
      </button>
      <button
        className="equal size orabg-bg"
        name="="
        onClick={[Function]}
        type="button"
      >
        =
      </button>
    </div>
  </div>
</div>
`;
